// Jest Snapshot v1, https://goo.gl/fbAQLP

exports[`render correctly CurrencySign component 1`] = `
<span
  className="currency-sign"
>
  $
</span>
`;
